2026-09-14T09:29:19.697Z [INFO] plugin loaded {"version":"2.1.1"}
2026-09-14T09:29:28.131Z [INFO] syncNote start {"notePath":"Principles and Practice of Programming/1.1 Computer Systems.md"}
2026-09-14T09:29:54.013Z [INFO] syncNote start {"notePath":"Principles and Practice of Programming/1.1 Computer Systems.md"}
2026-09-14T09:29:54.146Z [INFO] bootstrap: creating missing model {"model":"Obsidian-basic"}
2026-09-14T09:29:54.192Z [INFO] bootstrap: creating missing model {"model":"Obsidian-basic-reversed"}
2026-09-14T09:29:54.214Z [INFO] bootstrap: creating missing model {"model":"Obsidian-cloze"}
2026-09-14T09:29:54.237Z [INFO] bootstrap: creating missing model {"model":"Obsidian-reminder"}
2026-09-14T09:29:54.513Z [INFO] syncNote ok {"notePath":"Principles and Practice of Programming/1.1 Computer Systems.md","okCreates":1,"okUpdates":0,"okDeletes":0,"failedOps":0}
2026-09-14T09:29:58.861Z [INFO] syncNote start {"notePath":"Principles and Practice of Programming/1.1 Computer Systems.md"}
2026-09-14T09:29:58.942Z [INFO] syncNote ok (no plan ops after reconciliation) {"notePath":"Principles and Practice of Programming/1.1 Computer Systems.md","identityWritesApplied":0,"mediaErrors":0}
2026-09-14T09:30:43.539Z [INFO] syncNote start {"notePath":"Principles and Practice of Programming/1.1 Computer Systems.md"}
2026-09-14T09:30:43.619Z [INFO] syncNote ok (no plan ops after reconciliation) {"notePath":"Principles and Practice of Programming/1.1 Computer Systems.md","identityWritesApplied":0,"mediaErrors":0}
2026-09-14T09:31:25.715Z [INFO] syncNote start {"notePath":"Principles and Practice of Programming/1.1 Computer Systems.md"}
2026-09-14T09:31:25.848Z [INFO] syncNote ok {"notePath":"Principles and Practice of Programming/1.1 Computer Systems.md","okCreates":0,"okUpdates":1,"okDeletes":0,"failedOps":0}
2026-09-14T09:32:38.960Z [INFO] syncNote start {"notePath":"Principles and Practice of Programming/1.1 Computer Systems.md"}
2026-09-14T09:32:39.109Z [INFO] syncNote ok {"notePath":"Principles and Practice of Programming/1.1 Computer Systems.md","okCreates":0,"okUpdates":1,"okDeletes":0,"failedOps":0}
2026-09-14T09:33:25.634Z [INFO] syncNote start {"notePath":"Principles and Practice of Programming/1.1 Computer Systems.md"}
2026-09-14T09:33:25.671Z [INFO] syncNote pending deletion {"notePath":"Principles and Practice of Programming/1.1 Computer Systems.md","blockId":"q-c8u2","nid":1789378194494,"deckName":"Principles and Practice of Programming"}
2026-09-14T09:33:31.539Z [INFO] syncNote ok {"notePath":"Principles and Practice of Programming/1.1 Computer Systems.md","okCreates":1,"okUpdates":0,"okDeletes":1,"failedOps":0}
2026-09-14T09:33:40.737Z [INFO] syncNote start {"notePath":"Principles and Practice of Programming/1.1 Computer Systems.md"}
2026-09-14T09:33:40.821Z [INFO] syncNote ok (no plan ops after reconciliation) {"notePath":"Principles and Practice of Programming/1.1 Computer Systems.md","identityWritesApplied":0,"mediaErrors":0}
2026-09-14T09:34:17.062Z [INFO] syncNote start {"notePath":"Principles and Practice of Programming/1.1 Computer Systems.md"}
2026-09-14T09:34:17.100Z [INFO] syncNote pending deletion {"notePath":"Principles and Practice of Programming/1.1 Computer Systems.md","blockId":"q-u2jv","nid":1789378411451,"deckName":"Principles and Practice of Programming"}
2026-09-14T09:34:19.471Z [WARN] CREATE failed {"blockId":"q-2mka","error":"cannot create note because it is a duplicate"}
2026-09-14T09:34:19.514Z [INFO] syncNote ok {"notePath":"Principles and Practice of Programming/1.1 Computer Systems.md","okCreates":0,"okUpdates":0,"okDeletes":1,"failedOps":1}
2026-09-14T09:34:37.410Z [INFO] syncNote start {"notePath":"Principles and Practice of Programming/1.1 Computer Systems.md"}
2026-09-14T09:34:37.551Z [INFO] syncNote ok {"notePath":"Principles and Practice of Programming/1.1 Computer Systems.md","okCreates":1,"okUpdates":0,"okDeletes":0,"failedOps":0}
2026-09-14T09:40:37.782Z [INFO] syncNote start {"notePath":"Principles and Practice of Programming/1.1 Computer Systems.md"}
2026-09-14T09:40:40.413Z [INFO] syncNote start {"notePath":"Principles and Practice of Programming/1.1 Computer Systems.md"}
2026-09-14T09:47:54.938Z [INFO] syncNote start {"notePath":"Principles and Practice of Programming/1.1 Computer Systems.md"}
2026-09-14T09:47:54.990Z [INFO] syncNote pending deletion {"notePath":"Principles and Practice of Programming/1.1 Computer Systems.md","blockId":"q-teuz","nid":1789378477544,"deckName":"Principles and Practice of Programming"}
2026-09-14T09:47:57.533Z [INFO] syncNote ok {"notePath":"Principles and Practice of Programming/1.1 Computer Systems.md","okCreates":1,"okUpdates":0,"okDeletes":1,"failedOps":0}
2026-09-14T09:54:18.238Z [INFO] syncNote start {"notePath":"Principles and Practice of Programming/1.1 Computer Systems.md"}
2026-09-14T09:54:18.315Z [INFO] syncNote pending deletion {"notePath":"Principles and Practice of Programming/1.1 Computer Systems.md","blockId":"q-fq4v","nid":1789379277435,"deckName":"Principles and Practice of Programming"}
2026-09-14T09:54:21.158Z [WARN] CREATE failed {"blockId":"q-nfm8","error":"cannot create note because it is a duplicate"}
2026-09-14T09:54:21.179Z [INFO] syncNote ok {"notePath":"Principles and Practice of Programming/1.1 Computer Systems.md","okCreates":0,"okUpdates":0,"okDeletes":1,"failedOps":1}
2026-09-14T10:19:11.291Z [INFO] syncNote start {"notePath":"Principles and Practice of Programming/1.1 Computer Systems.md"}
2026-09-14T10:19:11.461Z [INFO] syncNote ok {"notePath":"Principles and Practice of Programming/1.1 Computer Systems.md","okCreates":1,"okUpdates":0,"okDeletes":0,"failedOps":0}
2026-09-14T10:21:46.039Z [INFO] plugin loaded {"version":"2.1.1"}
2026-09-14T10:41:08.322Z [INFO] syncNote start {"notePath":"Principles and Practice of Programming/1.1 Computer Systems.md"}
2026-09-14T10:41:08.548Z [INFO] syncNote ok {"notePath":"Principles and Practice of Programming/1.1 Computer Systems.md","okCreates":2,"okUpdates":0,"okDeletes":0,"failedOps":0}
2026-09-14T10:41:19.219Z [INFO] syncNote start {"notePath":"Principles and Practice of Programming/1.1 Computer Systems.md"}
2026-09-14T10:41:19.270Z [INFO] syncNote ok (no plan ops after reconciliation) {"notePath":"Principles and Practice of Programming/1.1 Computer Systems.md","identityWritesApplied":0,"mediaErrors":0}
2026-09-14T10:45:52.851Z [INFO] syncNote start {"notePath":"Principles and Practice of Programming/1.1 Computer Systems.md"}
2026-09-14T10:45:52.935Z [INFO] syncNote ok (no plan ops after reconciliation) {"notePath":"Principles and Practice of Programming/1.1 Computer Systems.md","identityWritesApplied":0,"mediaErrors":0}
2026-09-14T11:00:05.902Z [INFO] syncNote start {"notePath":"Principles and Practice of Programming/1.1 Computer Systems.md"}
2026-09-14T11:00:06.229Z [INFO] syncNote ok {"notePath":"Principles and Practice of Programming/1.1 Computer Systems.md","okCreates":3,"okUpdates":0,"okDeletes":0,"failedOps":0}
2026-09-14T11:00:24.373Z [INFO] syncNote start {"notePath":"Principles and Practice of Programming/1.1 Computer Systems.md"}
2026-09-14T11:00:24.456Z [INFO] syncNote ok (no plan ops after reconciliation) {"notePath":"Principles and Practice of Programming/1.1 Computer Systems.md","identityWritesApplied":0,"mediaErrors":0}
2026-09-14T11:03:21.473Z [INFO] syncNote start {"notePath":"Principles and Practice of Programming/1.1 Computer Systems.md"}
2026-09-14T11:03:21.663Z [INFO] syncNote ok {"notePath":"Principles and Practice of Programming/1.1 Computer Systems.md","okCreates":1,"okUpdates":0,"okDeletes":0,"failedOps":0}
2026-09-14T13:03:22.143Z [INFO] syncNote start {"notePath":"Principles and Practice of Programming/1.2 Programming and Problem-Solving.md"}
2026-09-14T13:03:22.278Z [INFO] syncNote ok {"notePath":"Principles and Practice of Programming/1.2 Programming and Problem-Solving.md","okCreates":1,"okUpdates":0,"okDeletes":0,"failedOps":0}
2026-09-14T13:23:33.849Z [INFO] syncNote start {"notePath":"Principles and Practice of Programming/1.2 Programming and Problem-Solving.md"}
2026-09-14T13:23:34.182Z [INFO] syncNote ok {"notePath":"Principles and Practice of Programming/1.2 Programming and Problem-Solving.md","okCreates":2,"okUpdates":1,"okDeletes":0,"failedOps":0}
2026-09-14T13:26:24.596Z [INFO] syncNote start {"notePath":"Principles and Practice of Programming/1.2 Programming and Problem-Solving.md"}
2026-09-14T13:26:24.706Z [INFO] syncNote pending deletion {"notePath":"Principles and Practice of Programming/1.2 Programming and Problem-Solving.md","blockId":"q-wmbs","nid":1789392214114,"deckName":"Principles and Practice of Programming"}
2026-09-14T13:26:28.287Z [WARN] CREATE failed {"blockId":"q-x84g","error":"cannot create note because it is a duplicate"}
2026-09-14T13:26:28.321Z [INFO] syncNote ok {"notePath":"Principles and Practice of Programming/1.2 Programming and Problem-Solving.md","okCreates":0,"okUpdates":0,"okDeletes":1,"failedOps":1}
2026-09-14T13:26:42.845Z [INFO] syncNote start {"notePath":"Principles and Practice of Programming/1.2 Programming and Problem-Solving.md"}
2026-09-14T13:26:43.047Z [INFO] syncNote ok {"notePath":"Principles and Practice of Programming/1.2 Programming and Problem-Solving.md","okCreates":1,"okUpdates":0,"okDeletes":0,"failedOps":0}
2026-09-14T16:11:37.653Z [INFO] syncNote start {"notePath":"Principles and Practice of Programming/1.4 Testing and Debugging.md"}
2026-09-14T16:11:46.621Z [INFO] syncNote start {"notePath":"Principles and Practice of Programming/1.3 Introduction to C++.md"}
2026-09-14T16:11:49.002Z [INFO] syncNote start {"notePath":"Principles and Practice of Programming/1.2 Programming and Problem-Solving.md"}
2026-09-14T16:11:49.146Z [INFO] syncNote ok (no plan ops after reconciliation) {"notePath":"Principles and Practice of Programming/1.2 Programming and Problem-Solving.md","identityWritesApplied":0,"mediaErrors":0}
2026-09-14T16:11:57.804Z [INFO] syncNote start {"notePath":"Principles and Practice of Programming/1.1 Computer Systems.md"}
2026-09-14T16:11:58.227Z [INFO] syncNote ok {"notePath":"Principles and Practice of Programming/1.1 Computer Systems.md","okCreates":3,"okUpdates":0,"okDeletes":0,"failedOps":0}
2026-09-22T15:03:45.206Z [INFO] plugin loaded {"version":"2.1.1"}
2026-09-29T10:42:39.770Z [INFO] plugin loaded {"version":"2.1.1"}
2026-10-05T10:52:30.973Z [ERROR] dispatch failed {"target":"current","error":"Cannot reach AnkiConnect at http://127.0.0.1:8765. Start Anki, confirm the AnkiConnect add-on is installed, and try again."}
2026-10-05T12:08:35.894Z [INFO] plugin unloading
2026-10-05T12:08:35.929Z [INFO] plugin loaded {"version":"2.2.0"}
2026-10-05T12:10:15.339Z [INFO] syncNote start {"notePath":"COMP70050 - Machine Learning/Lecture 1 - Introduction & Regression.md"}
2026-10-05T12:10:16.588Z [INFO] syncNote ok {"notePath":"COMP70050 - Machine Learning/Lecture 1 - Introduction & Regression.md","okCreates":1,"okUpdates":0,"okDeletes":0,"failedOps":0}
2026-10-05T12:22:01.811Z [INFO] syncNote start {"notePath":"COMP70050 - Machine Learning/Lecture 1 - Introduction & Regression.md"}
2026-10-05T12:22:01.915Z [INFO] syncNote ok (no plan ops after reconciliation) {"notePath":"COMP70050 - Machine Learning/Lecture 1 - Introduction & Regression.md","identityWritesApplied":0,"mediaErrors":0}
2026-10-05T12:59:15.988Z [INFO] syncNote start {"notePath":"COMP70050 - Machine Learning/Lecture 1 - Introduction & Regression.md"}
2026-10-05T12:59:16.094Z [INFO] syncNote ok (no plan ops after reconciliation) {"notePath":"COMP70050 - Machine Learning/Lecture 1 - Introduction & Regression.md","identityWritesApplied":0,"mediaErrors":0}
2026-10-05T13:13:51.636Z [INFO] syncNote start {"notePath":"COMP70050 - Machine Learning/Lecture 1 - Introduction & Regression.md"}
2026-10-05T13:13:51.730Z [INFO] syncNote ok (no plan ops after reconciliation) {"notePath":"COMP70050 - Machine Learning/Lecture 1 - Introduction & Regression.md","identityWritesApplied":0,"mediaErrors":0}
